Godot Engine v4.5.1.stable.official.f62fdbde1 - https://godotengine.org
TextServer: Added interface "Dummy"
TextServer: Added interface "ICU / HarfBuzz / Graphite (Built-in)"
Unrecognized output string "misc2" in mapping:
030000000d0f00000202000000000000,Horipad O Nintendo Switch 2 Controller,a:b1,b:b0,back:b8,dpdown:h0.4,dpleft:h0.8,dpright:h0.2,dpup:h0.1,guide:b12,leftshoulder:b4,leftstick:b10,lefttrigger:b6,leftx:a0,lefty:a1,misc1:b13,misc2:b14,rightshoulder:b5,rightstick:b11,righttrigger:b7,rightx:a2,righty:a3,start:b9,x:b3,y:b2,platform:Windows,
Unrecognized output string "misc2" in mapping:
030000000d0f00009601000000000000,Horipad Steam,a:b0,b:b1,back:b10,dpdown:h0.4,dpleft:h0.8,dpright:h0.2,dpup:h0.1,guide:b12,leftshoulder:b6,leftstick:b13,lefttrigger:b8,leftx:a0,lefty:a1,misc2:b2,paddle1:b5,paddle2:b15,paddle3:b18,paddle4:b19,rightshoulder:b7,rightstick:b14,righttrigger:b9,rightx:a3,righty:a4,start:b11,x:b3,y:b4,platform:Windows,
Unrecognized output string "misc2" in mapping:
030000007e0500006920000000000000,Nintendo Switch 2 Pro Controller,a:b0,b:b1,back:b14,dpdown:b8,dpleft:b10,dpright:b9,dpup:b11,guide:b16,leftshoulder:b12,leftstick:b15,lefttrigger:b13,leftx:a0,lefty:a1~,misc1:b17,misc2:b20,paddle1:b18,paddle2:b19,rightshoulder:b4,rightstick:b7,righttrigger:b5,rightx:a2,righty:a3~,start:b6,x:b2,y:b3,platform:Windows,
WARNING: GENERAL - Message Id Number: 0 | Message Id Name: Loader Message
	windows_read_data_files_in_registry: Registry lookup failed to get layer manifest files.
	Objects - 1
		Object[0] - VK_OBJECT_TYPE_INSTANCE, Handle 2280751376896
   at: _debug_messenger_callback (drivers/vulkan/rendering_context_driver_vulkan.cpp:639)
SDL: Init OK!
Devices:
  #0: NVIDIA NVIDIA GeForce RTX 3070 - Supported, Discrete
Optional extension VK_EXT_fragment_density_map not found
Optional extension VK_EXT_astc_decode_mode not found
Optional extension VK_EXT_texture_compression_astc_hdr not found
Optional extension VK_KHR_external_memory_fd not found
Optional extension VK_EXT_debug_marker not found
- Vulkan Fragment Shading Rate supported:
  Pipeline fragment shading rate
  Primitive fragment shading rate
  Attachment fragment shading rate, min texel size: (16, 16), max texel size: (16, 16), max fragment size: (4, 4)
- Vulkan Fragment Density Map not supported
- Vulkan multiview supported:
  max view count: 32
  max instances: 134217727
- Vulkan subgroup:
  size: 32
  min size: 32
  max size: 32
  stages: STAGE_VERTEX, STAGE_TESSELLATION_CONTROL, STAGE_TESSELLATION_EVALUATION, STAGE_GEOMETRY, STAGE_FRAGMENT, STAGE_COMPUTE, STAGE_RAYGEN_KHR, STAGE_ANY_HIT_KHR, STAGE_CLOSEST_HIT_KHR, STAGE_MISS_KHR, STAGE_INTERSECTION_KHR, STAGE_CALLABLE_KHR, STAGE_TASK_NV, STAGE_MESH_NV
  supported ops: FEATURE_BASIC, FEATURE_VOTE, FEATURE_ARITHMETIC, FEATURE_BALLOT, FEATURE_SHUFFLE, FEATURE_SHUFFLE_RELATIVE, FEATURE_CLUSTERED, FEATURE_QUAD, FEATURE_PARTITIONED_NV
  quad operations in all stages
Vulkan 1.4.325 - Forward+ - Using Device #0: NVIDIA - NVIDIA GeForce RTX 3070
Startup PSO cache (4.0 MiB)
Requested V-Sync mode: Enabled - FPS will likely be capped to the monitor refresh rate.
Using "winink" pen tablet driver...
Creating VMA small objects pool for memory type index 1
Shader 'CanvasSdfShaderRD' (group 0) SHA256: e3e36a196484fd7752bf3d5dca5d9ff7512a4e981b5f5f57e6f0a0fc50640721
Loading cache for shader CanvasSdfShaderRD, variant 0
Loading cache for shader CanvasSdfShaderRD, variant 1
Loading cache for shader CanvasSdfShaderRD, variant 2
Loading cache for shader CanvasSdfShaderRD, variant 3
Loading cache for shader CanvasSdfShaderRD, variant 4
Loading cache for shader CanvasSdfShaderRD, variant 5
Shader 'SkeletonShaderRD' (group 0) SHA256: e0325885d3b45ea42d045525d1c732805f14a5a6cc4b6b67ce336626653e9573
Loading cache for shader SkeletonShaderRD, variant 0
Loading cache for shader SkeletonShaderRD, variant 1
Shader 'SortShaderRD' (group 0) SHA256: ce9b4120b1d1a35c1bea19b12a6206dee2526af5e61fd4520555d6b447f15e34
Loading cache for shader SortShaderRD, variant 0
Loading cache for shader SortShaderRD, variant 1
Loading cache for shader SortShaderRD, variant 2
Shader 'ParticlesShaderRD' (group 0) SHA256: c77129ff51da9b8bd8037785c1a2afcdca1f25aa602d8d22c4973640d55305a4
Loading cache for shader ParticlesShaderRD, variant 0
Shader 'ParticlesCopyShaderRD' (group 0) SHA256: 76ee6b7648ff369a05e8340a639ce08c065370fd23e6d18634d522db1c3ac055
Loading cache for shader ParticlesCopyShaderRD, variant 0
Loading cache for shader ParticlesCopyShaderRD, variant 1
Loading cache for shader ParticlesCopyShaderRD, variant 2
Loading cache for shader ParticlesCopyShaderRD, variant 3
Loading cache for shader ParticlesCopyShaderRD, variant 4
Loading cache for shader ParticlesCopyShaderRD, variant 5
Loading cache for shader ParticlesCopyShaderRD, variant 6
Loading cache for shader ParticlesCopyShaderRD, variant 7
Loading cache for shader ParticlesCopyShaderRD, variant 8
Loading cache for shader ParticlesCopyShaderRD, variant 9
Loading cache for shader ParticlesCopyShaderRD, variant 10
Loading cache for shader ParticlesCopyShaderRD, variant 11
Loading cache for shader ParticlesCopyShaderRD, variant 12
Loading cache for shader ParticlesCopyShaderRD, variant 13
Loading cache for shader ParticlesCopyShaderRD, variant 14
Loading cache for shader ParticlesCopyShaderRD, variant 15
Loading cache for shader ParticlesCopyShaderRD, variant 16
Loading cache for shader ParticlesCopyShaderRD, variant 17
Loading cache for shader ParticlesCopyShaderRD, variant 18
Loading cache for shader ParticlesCopyShaderRD, variant 19
Loading cache for shader ParticlesCopyShaderRD, variant 20
Shader 'CanvasShaderRD' (group 0) SHA256: 8f73ea59600218c7f4a72f38f0a825d4b9edae392f00688807259ea2faf43974
Loading cache for shader CanvasShaderRD, variant 0
Loading cache for shader CanvasShaderRD, variant 1
Loading cache for shader CanvasShaderRD, variant 2
Loading cache for shader CanvasShaderRD, variant 3
Loading cache for shader CanvasShaderRD, variant 4
Loading cache for shader CanvasShaderRD, variant 5
Shader 'CanvasOcclusionShaderRD' (group 0) SHA256: 2e1e40e085c85bd3960b7bad3be9bad88a3e02174708138d2eb3215933437ede
Loading cache for shader CanvasOcclusionShaderRD, variant 0
Loading cache for shader CanvasOcclusionShaderRD, variant 1
Loading cache for shader CanvasOcclusionShaderRD, variant 2
Loading cache for shader CanvasShaderRD, variant 0
Loading cache for shader CanvasShaderRD, variant 1
Loading cache for shader CanvasShaderRD, variant 2
Loading cache for shader CanvasShaderRD, variant 3
Loading cache for shader CanvasShaderRD, variant 4
Loading cache for shader CanvasShaderRD, variant 5
Loading cache for shader CanvasShaderRD, variant 0
Loading cache for shader CanvasShaderRD, variant 1
Loading cache for shader CanvasShaderRD, variant 2
Loading cache for shader CanvasShaderRD, variant 3
Loading cache for shader CanvasShaderRD, variant 4
Loading cache for shader CanvasShaderRD, variant 5
Shader 'ClusterRenderShaderRD' (group 0) SHA256: 5520632edde9dc7efc467666b1888d0f07fe10e4c2e113e68f1757bab97a847b
Loading cache for shader ClusterRenderShaderRD, variant 0
Loading cache for shader ClusterRenderShaderRD, variant 1
Shader 'ClusterStoreShaderRD' (group 0) SHA256: 9ca626ebec243544ae7398e49713da5e69391ab29de1ced02b03e718a013c28f
Loading cache for shader ClusterStoreShaderRD, variant 0
Shader 'ClusterDebugShaderRD' (group 0) SHA256: 7253e84e6deaaf9cd1391aff49a754db31e162f9ecaf776485fde4bc31121aa6
Loading cache for shader ClusterDebugShaderRD, variant 0
Shader 'SceneForwardClusteredShaderRD' (group 0) SHA256: df8d1dbb6fb950c04bcc78fb1667a6eb52d604ac1f0317023833936c838ed75f
Shader 'SceneForwardClusteredShaderRD' (group 1) SHA256: 6a184745fdc168cf1854f82e467b075c7754389099dd4260c7cfd820f974abb7
Shader 'SceneForwardClusteredShaderRD' (group 2) SHA256: e54e15eb9546bd2ff28fdb8fc19e33bec138fb364a5418eb6d90e784252ee190
Shader 'SceneForwardClusteredShaderRD' (group 3) SHA256: 210d14d006d21a3471e63300f334a93a8076f61ad1c3147dbd14466d95970249
Loading cache for shader SceneForwardClusteredShaderRD, variant 0
Loading cache for shader SceneForwardClusteredShaderRD, variant 1
Loading cache for shader SceneForwardClusteredShaderRD, variant 2
Loading cache for shader SceneForwardClusteredShaderRD, variant 3
Loading cache for shader SceneForwardClusteredShaderRD, variant 4
Loading cache for shader SceneForwardClusteredShaderRD, variant 5
Loading cache for shader SceneForwardClusteredShaderRD, variant 6
Loading cache for shader SceneForwardClusteredShaderRD, variant 7
Loading cache for shader SceneForwardClusteredShaderRD, variant 0
Loading cache for shader SceneForwardClusteredShaderRD, variant 1
Loading cache for shader SceneForwardClusteredShaderRD, variant 2
Loading cache for shader SceneForwardClusteredShaderRD, variant 3
Loading cache for shader SceneForwardClusteredShaderRD, variant 4
Loading cache for shader SceneForwardClusteredShaderRD, variant 5
Loading cache for shader SceneForwardClusteredShaderRD, variant 6
Loading cache for shader SceneForwardClusteredShaderRD, variant 7
Loading cache for shader SceneForwardClusteredShaderRD, variant 0
Loading cache for shader SceneForwardClusteredShaderRD, variant 1
Loading cache for shader SceneForwardClusteredShaderRD, variant 2
Loading cache for shader SceneForwardClusteredShaderRD, variant 3
Loading cache for shader SceneForwardClusteredShaderRD, variant 4
Loading cache for shader SceneForwardClusteredShaderRD, variant 5
Loading cache for shader SceneForwardClusteredShaderRD, variant 6
Loading cache for shader SceneForwardClusteredShaderRD, variant 7
Shader 'BestFitNormalShaderRD' (group 0) SHA256: 8c748b5176971d04b037d61fe8ee9c0da50efc42fb21ff2f4fc11dbf138ac284
Loading cache for shader BestFitNormalShaderRD, variant 0
Shader 'IntegrateDfgShaderRD' (group 0) SHA256: 287328d7c084c243ad82ac05423c4a58662ea18582b5b369f3288be49e4a66d8
Loading cache for shader IntegrateDfgShaderRD, variant 0
Shader 'ResolveShaderRD' (group 0) SHA256: 5e0937d6a862fc03f2a42b11dd8fcc8ca9fa948bc51bc5504f3e3a92e954cc33
Loading cache for shader ResolveShaderRD, variant 0
Loading cache for shader ResolveShaderRD, variant 1
Loading cache for shader ResolveShaderRD, variant 2
Shader 'TaaResolveShaderRD' (group 0) SHA256: 8e863ed5b6e6cf5b67a722559308f90a5653d397bdedd8d8c2abe45a89893049
Loading cache for shader TaaResolveShaderRD, variant 0
Shader 'Fsr2DepthClipPassShaderRD' (group 0) SHA256: 4130c931008b9d81bce5757c91876fb1c64a992525002d1a9d24c756cdaeb55f
Shader 'Fsr2ReconstructPreviousDepthPassShaderRD' (group 0) SHA256: 7ef7cdf239edd510c42b9e6ef2ca760f08ac92b57c6b2e5562cf430770b69d49
Shader 'Fsr2LockPassShaderRD' (group 0) SHA256: 50c95f98dbda1ad902b8fac4668d32cbfc11a3e86b890460da50600750d6d636
Shader 'Fsr2AccumulatePassShaderRD' (group 0) SHA256: acf7ce56f0f217fbe6fc54b42313d025af58be39a197ea6e6a9c10b1c03de903
Shader 'Fsr2RcasPassShaderRD' (group 0) SHA256: 3f4d394a0080ce37da6dc5f05c36e082efc8f3a0a333428f23697d21a1e665cd
Shader 'Fsr2ComputeLuminancePyramidPassShaderRD' (group 0) SHA256: 246789de2d6807e12325bb146b5b960cbec70a2119fe15f67d12c0a1d55213dd
Shader 'Fsr2AutogenReactivePassShaderRD' (group 0) SHA256: ea81f3d2612452e92eebad3230c8885356cf352779194322ac0b390d949e0a9f
Shader 'Fsr2TcrAutogenPassShaderRD' (group 0) SHA256: c6b965d8d141ea41ff88aa0df571ed29f4b8b5c974713f24b7fa44f23e3db020
Shader 'SsEffectsDownsampleShaderRD' (group 0) SHA256: 47ce5b07a7399a4ea52ee0ba0ba0016f7c1b3429f72c2ef29b4382bf8f1d92e7
Loading cache for shader SsEffectsDownsampleShaderRD, variant 0
Loading cache for shader SsEffectsDownsampleShaderRD, variant 1
Loading cache for shader SsEffectsDownsampleShaderRD, variant 2
Loading cache for shader SsEffectsDownsampleShaderRD, variant 3
Loading cache for shader SsEffectsDownsampleShaderRD, variant 4
Loading cache for shader SsEffectsDownsampleShaderRD, variant 5
Loading cache for shader SsEffectsDownsampleShaderRD, variant 6
Shader 'SsilShaderRD' (group 0) SHA256: 335e8f9954286db1ee28430b2c9ef17fb01fb4bb8b74d688be9cec967dee41e6
Loading cache for shader SsilShaderRD, variant 0
Loading cache for shader SsilShaderRD, variant 1
Loading cache for shader SsilShaderRD, variant 2
Shader 'SsilImportanceMapShaderRD' (group 0) SHA256: 3d668b995f5f00c0cdb73fd8c13cd3bed37bf5f45c10621fcc2475eefd50a7bd
Loading cache for shader SsilImportanceMapShaderRD, variant 0
Loading cache for shader SsilImportanceMapShaderRD, variant 1
Loading cache for shader SsilImportanceMapShaderRD, variant 2
Shader 'SsilBlurShaderRD' (group 0) SHA256: 9d2d3e521c5d1601e636d8fc3e533a52362ad011112fde07a344fe3511cea943
Loading cache for shader SsilBlurShaderRD, variant 0
Loading cache for shader SsilBlurShaderRD, variant 1
Loading cache for shader SsilBlurShaderRD, variant 2
Shader 'SsilInterleaveShaderRD' (group 0) SHA256: 36d769d4532c446edf161d4b3d932557d4fad2904fda9c5f6861ae7fd162c9ee
Loading cache for shader SsilInterleaveShaderRD, variant 0
Loading cache for shader SsilInterleaveShaderRD, variant 1
Loading cache for shader SsilInterleaveShaderRD, variant 2
Shader 'SsaoShaderRD' (group 0) SHA256: 6831fded981ced729634af4cf4f5515538ff84cbb773c0d583873e29462e1080
Loading cache for shader SsaoShaderRD, variant 0
Loading cache for shader SsaoShaderRD, variant 1
Loading cache for shader SsaoShaderRD, variant 2
Shader 'SsaoImportanceMapShaderRD' (group 0) SHA256: fe84d24f104b577d6ae2183f611ddfa9ef6ba4834d972f00460c66aa67c6e788
Loading cache for shader SsaoImportanceMapShaderRD, variant 0
Loading cache for shader SsaoImportanceMapShaderRD, variant 1
Loading cache for shader SsaoImportanceMapShaderRD, variant 2
Shader 'SsaoBlurShaderRD' (group 0) SHA256: 4d3910b2d37af6bb5a68153677dd3f49c424b932871284ee1bb2e31936b31ca0
Loading cache for shader SsaoBlurShaderRD, variant 0
Loading cache for shader SsaoBlurShaderRD, variant 1
Loading cache for shader SsaoBlurShaderRD, variant 2
Shader 'SsaoInterleaveShaderRD' (group 0) SHA256: b804d0579b589636ca331298d9f8885e277e5fd8be1d20d4560044000a029a49
Loading cache for shader SsaoInterleaveShaderRD, variant 0
Loading cache for shader SsaoInterleaveShaderRD, variant 1
Loading cache for shader SsaoInterleaveShaderRD, variant 2
Shader 'ScreenSpaceReflectionScaleShaderRD' (group 0) SHA256: f028513910f44db288a6d0d7315df152a910214dd680426d7817a0db185bb512
Loading cache for shader ScreenSpaceReflectionScaleShaderRD, variant 0
Shader 'ScreenSpaceReflectionShaderRD' (group 0) SHA256: aa7798f702ec7502be62da736ef869c792a69bb4310d9a535e0b6596ad1c4c8f
Loading cache for shader ScreenSpaceReflectionShaderRD, variant 0
Loading cache for shader ScreenSpaceReflectionShaderRD, variant 1
Shader 'ScreenSpaceReflectionFilterShaderRD' (group 0) SHA256: b8974626c582dd282d9ca1bd58b6ffeda45b41e5b160baa199088657ad7eca95
Loading cache for shader ScreenSpaceReflectionFilterShaderRD, variant 0
Loading cache for shader ScreenSpaceReflectionFilterShaderRD, variant 1
Shader 'SubsurfaceScatteringShaderRD' (group 0) SHA256: cfc79a4166aa45746b6bfa4b2a3345978e68ace79a0a82ab13fdda9f32a7a0b0
Loading cache for shader SubsurfaceScatteringShaderRD, variant 0
Loading cache for shader SubsurfaceScatteringShaderRD, variant 1
Loading cache for shader SubsurfaceScatteringShaderRD, variant 2
Shader 'SkyShaderRD' (group 0) SHA256: 9c26bd5dc001c975a8ec36520d74f1e5aa9d8125c8172a160acf52f8ebf362f3
Loading cache for shader SkyShaderRD, variant 0
Loading cache for shader SkyShaderRD, variant 1
Loading cache for shader SkyShaderRD, variant 2
Loading cache for shader SkyShaderRD, variant 3
Loading cache for shader SkyShaderRD, variant 4
Loading cache for shader SkyShaderRD, variant 5
Loading cache for shader SkyShaderRD, variant 0
Loading cache for shader SkyShaderRD, variant 1
Loading cache for shader SkyShaderRD, variant 2
Loading cache for shader SkyShaderRD, variant 3
Loading cache for shader SkyShaderRD, variant 4
Loading cache for shader SkyShaderRD, variant 5
Shader 'VoxelGiShaderRD' (group 0) SHA256: 3d7b0b0258a2977a47dc0a84db7cb49a5e1bfaa74053e42ffae7d3e87d48965f
Loading cache for shader VoxelGiShaderRD, variant 0
Loading cache for shader VoxelGiShaderRD, variant 1
Loading cache for shader VoxelGiShaderRD, variant 2
Loading cache for shader VoxelGiShaderRD, variant 3
Loading cache for shader VoxelGiShaderRD, variant 4
Loading cache for shader VoxelGiShaderRD, variant 5
Loading cache for shader VoxelGiShaderRD, variant 6
Loading cache for shader VoxelGiShaderRD, variant 7
Shader 'VoxelGiDebugShaderRD' (group 0) SHA256: 49ee1e463ded1be1341dc6ee222f492cd9f8484aabe4cf39ca46f519abecbb6c
Loading cache for shader VoxelGiDebugShaderRD, variant 0
Loading cache for shader VoxelGiDebugShaderRD, variant 1
Loading cache for shader VoxelGiDebugShaderRD, variant 2
Loading cache for shader VoxelGiDebugShaderRD, variant 3
Shader 'SdfgiPreprocessShaderRD' (group 0) SHA256: 60c77a38319fd7cc123270bcc0dfbdddd8f74e985d1907c08c726e3d4dbf7b06
Loading cache for shader SdfgiPreprocessShaderRD, variant 0
Loading cache for shader SdfgiPreprocessShaderRD, variant 1
Loading cache for shader SdfgiPreprocessShaderRD, variant 2
Loading cache for shader SdfgiPreprocessShaderRD, variant 3
Loading cache for shader SdfgiPreprocessShaderRD, variant 4
Loading cache for shader SdfgiPreprocessShaderRD, variant 5
Loading cache for shader SdfgiPreprocessShaderRD, variant 6
Loading cache for shader SdfgiPreprocessShaderRD, variant 7
Loading cache for shader SdfgiPreprocessShaderRD, variant 8
Shader 'SdfgiDirectLightShaderRD' (group 0) SHA256: a3474a0b60ebab5bb7010596e49cfb91bbfc3689c4df741b809ddc92e1fa90e9
Loading cache for shader SdfgiDirectLightShaderRD, variant 0
Loading cache for shader SdfgiDirectLightShaderRD, variant 1
Shader 'SdfgiIntegrateShaderRD' (group 0) SHA256: 62e2ae895bf90996b40c48aeab6a59c24d27c6c843ef9ee94adf3f6de80b26ac
Loading cache for shader SdfgiIntegrateShaderRD, variant 0
Loading cache for shader SdfgiIntegrateShaderRD, variant 1
Loading cache for shader SdfgiIntegrateShaderRD, variant 2
Loading cache for shader SdfgiIntegrateShaderRD, variant 3
Shader 'GiShaderRD' (group 0) SHA256: e4e3882307beba471cbf1d2ebf8ca49fedccbba528ef384e7d1e2461d14a71f0
Shader 'GiShaderRD' (group 1) SHA256: 69ca96412569cbef4a05e515b55b5744ab10048a32a6d2fef2a7c2ad984c9155
Loading cache for shader GiShaderRD, variant 0
Loading cache for shader GiShaderRD, variant 1
Loading cache for shader GiShaderRD, variant 2
Loading cache for shader GiShaderRD, variant 3
Loading cache for shader GiShaderRD, variant 4
Loading cache for shader GiShaderRD, variant 0
Loading cache for shader GiShaderRD, variant 1
Loading cache for shader GiShaderRD, variant 2
Loading cache for shader GiShaderRD, variant 3
Loading cache for shader GiShaderRD, variant 4
Shader 'SdfgiDebugShaderRD' (group 0) SHA256: 6de37bb5aa871af3d348d47b0cbfc09f6873bf5a2500f0cf9280e404ff4ce97b
Loading cache for shader SdfgiDebugShaderRD, variant 0
Shader 'SdfgiDebugProbesShaderRD' (group 0) SHA256: c25d7a81827da688487a69637d3e61ae9f31c125940f4fbf05b6de4a2c1e78a9
Loading cache for shader SdfgiDebugProbesShaderRD, variant 0
Loading cache for shader SdfgiDebugProbesShaderRD, variant 1
Loading cache for shader SdfgiDebugProbesShaderRD, variant 2
Loading cache for shader SdfgiDebugProbesShaderRD, variant 3
Shader 'VolumetricFogShaderRD' (group 0) SHA256: 6120947dc0a3cd4bff5b217e63490686b128f0319aabd6f96d597268f68d60e3
Shader 'VolumetricFogShaderRD' (group 1) SHA256: f44655a2103d6cb3b1d0a206e66c4427aca3de3b5de59f72bf7e08db5144f83c
Shader 'VolumetricFogShaderRD' (group 2) SHA256: 963b90021bd602c144aa8f80b75ecdf64c2abe48940f55cf2f25f2deda808186
Shader 'VolumetricFogShaderRD' (group 3) SHA256: 5929600387c20b3c1eead45ba7f6c87fde922e0e4f78f80366f58cdfb10e63f7
Loading cache for shader VolumetricFogShaderRD, variant 0
Shader 'VolumetricFogProcessShaderRD' (group 0) SHA256: 2749f17fe5049db6df987d401e0fb5a52692635224ca129e06c3d6e15dd2dc29
Shader 'VolumetricFogProcessShaderRD' (group 1) SHA256: 8333ba62fcdf5c0ffe915641fe9faa88286844b2bb245d94b41eb48eca8e881d
Shader 'VolumetricFogProcessShaderRD' (group 2) SHA256: 6b05211651f14a1593c8b3be3b5932c64a3beba37ce1e1649b4ea67ac36d3c47
Shader 'VolumetricFogProcessShaderRD' (group 3) SHA256: 14fbd4a37cc30a2991dbfa525da8e6182def041c1eeaa20638fb2597e98f3c52
Loading cache for shader VolumetricFogProcessShaderRD, variant 0
Loading cache for shader VolumetricFogProcessShaderRD, variant 1
Loading cache for shader VolumetricFogProcessShaderRD, variant 2
Loading cache for shader VolumetricFogProcessShaderRD, variant 3
Loading cache for shader VolumetricFogProcessShaderRD, variant 4
Shader 'BokehDofShaderRD' (group 0) SHA256: 5a14c722b7cad6a5d1853b764825b687b8e8c26d08a7edef6f50a28c2a237b9c
Loading cache for shader BokehDofShaderRD, variant 0
Loading cache for shader BokehDofShaderRD, variant 1
Loading cache for shader BokehDofShaderRD, variant 3
Loading cache for shader BokehDofShaderRD, variant 5
Loading cache for shader BokehDofShaderRD, variant 6
Shader 'CopyShaderRD' (group 0) SHA256: 363226e4e754f4dd97b1000777a12a1e717a0202ef34a8bb5cbbee343880d1a3
Loading cache for shader CopyShaderRD, variant 0
Loading cache for shader CopyShaderRD, variant 1
Loading cache for shader CopyShaderRD, variant 2
Loading cache for shader CopyShaderRD, variant 3
Loading cache for shader CopyShaderRD, variant 4
Loading cache for shader CopyShaderRD, variant 5
Loading cache for shader CopyShaderRD, variant 6
Loading cache for shader CopyShaderRD, variant 7
Loading cache for shader CopyShaderRD, variant 8
Loading cache for shader CopyShaderRD, variant 9
Loading cache for shader CopyShaderRD, variant 10
Loading cache for shader CopyShaderRD, variant 11
Loading cache for shader CopyShaderRD, variant 12
Shader 'CopyToFbShaderRD' (group 0) SHA256: 0adebb67e6205ddab89bef68d0541718044b8408d301ef90fcc572ab1f1dc3c1
Loading cache for shader CopyToFbShaderRD, variant 0
Loading cache for shader CopyToFbShaderRD, variant 1
Loading cache for shader CopyToFbShaderRD, variant 2
Loading cache for shader CopyToFbShaderRD, variant 3
Shader 'CubeToDpShaderRD' (group 0) SHA256: f3ba78a7ce282686c1bace415c6d4852f8b5df07fd90aff0139030354b9c53e6
Loading cache for shader CubeToDpShaderRD, variant 0
Shader 'CubemapDownsamplerShaderRD' (group 0) SHA256: 831be8c39044041b2e1da3b55ee6c2d5d5242c0c11326369eda23b7ae42ee04c
Loading cache for shader CubemapDownsamplerShaderRD, variant 0
Shader 'CubemapFilterShaderRD' (group 0) SHA256: 73d1b21cf27dc843bbcc28dc35d902623419ae7f0c17dba1d9c725d82959f576
Loading cache for shader CubemapFilterShaderRD, variant 0
Loading cache for shader CubemapFilterShaderRD, variant 1
Loading cache for shader CubemapFilterShaderRD, variant 2
Loading cache for shader CubemapFilterShaderRD, variant 3
Shader 'CubemapRoughnessShaderRD' (group 0) SHA256: bb92ea060a11d89f9121ad84bf077cdf954f39a59c3cc78038611f19f3d94533
Loading cache for shader CubemapRoughnessShaderRD, variant 0
Shader 'SpecularMergeShaderRD' (group 0) SHA256: 99444119f03d2c92d5ab325e0fa261255c819d4cb4b019c0eaa369b2d0383a8f
Loading cache for shader SpecularMergeShaderRD, variant 0
Loading cache for shader SpecularMergeShaderRD, variant 1
Loading cache for shader SpecularMergeShaderRD, variant 2
Loading cache for shader SpecularMergeShaderRD, variant 3
Shader 'ShadowFrustumShaderRD' (group 0) SHA256: 851c9007fbee11476e65c3cbb595c7113c7e98676c38d49b88056bdb1eb5904b
Loading cache for shader ShadowFrustumShaderRD, variant 0
Shader 'MotionVectorsShaderRD' (group 0) SHA256: e9ac9ae0667a399f458196d55204937c545356cd64ba755844d9c9943cffdc55
Loading cache for shader MotionVectorsShaderRD, variant 0
Shader 'LuminanceReduceShaderRD' (group 0) SHA256: 62fd065f2a03f76e82ff0efdd729b029811828e67b3dc62b0dd4c1b2a8eb2c23
Loading cache for shader LuminanceReduceShaderRD, variant 0
Loading cache for shader LuminanceReduceShaderRD, variant 1
Loading cache for shader LuminanceReduceShaderRD, variant 2
Shader 'SmaaEdgeDetectionShaderRD' (group 0) SHA256: e4c623cbbd80f252ca1afe76f478a818c89eb124cff6ca285865b0ba733f1f07
Loading cache for shader SmaaEdgeDetectionShaderRD, variant 0
Shader 'SmaaWeightCalculationShaderRD' (group 0) SHA256: 604beebafad6f83aaaead58113c3a3e5b0ed7a7c5605fd197dd952e3821b5878
Loading cache for shader SmaaWeightCalculationShaderRD, variant 0
Shader 'SmaaBlendingShaderRD' (group 0) SHA256: 9f3b4dcf01e8d340348bba93235fb3c9c13964b1e1bd23e7d59891cc9748a71c
Loading cache for shader SmaaBlendingShaderRD, variant 0
Shader 'TonemapShaderRD' (group 0) SHA256: 06d49e3e1e33f4e3f9069e4df65b734ffc54e7ad36b2b03be9c40766a30f7576
Loading cache for shader TonemapShaderRD, variant 0
Loading cache for shader TonemapShaderRD, variant 1
Loading cache for shader TonemapShaderRD, variant 2
Loading cache for shader TonemapShaderRD, variant 3
Loading cache for shader TonemapShaderRD, variant 4
Loading cache for shader TonemapShaderRD, variant 5
Shader 'VrsShaderRD' (group 0) SHA256: c86a9b4edb92bad6f336fcaf68fd7f5e123c9317179b774d48915216f3d81819
Loading cache for shader VrsShaderRD, variant 0
Loading cache for shader VrsShaderRD, variant 2
Loading cache for shader VrsShaderRD, variant 3
Shader 'FsrUpscaleShaderRD' (group 0) SHA256: 0715ca028e84f0a9b6f91a4ac308d37a5c185438f466e254fac8b7377dc10759
Loading cache for shader FsrUpscaleShaderRD, variant 0
Loading cache for shader FsrUpscaleShaderRD, variant 1
Shader 'BlitShaderRD' (group 0) SHA256: 25c59c709fcd7c8e69780f3edeaebc055b68c06b660c69bb43d8246614325591
Loading cache for shader BlitShaderRD, variant 0
Loading cache for shader BlitShaderRD, variant 1
Loading cache for shader BlitShaderRD, variant 2
Loading cache for shader BlitShaderRD, variant 3
WASAPI: Activated output_device using IAudioClient3 interface
WASAPI: wFormatTag = 65534
WASAPI: nChannels = 2
WASAPI: nSamplesPerSec = 48000
WASAPI: nAvgBytesPerSec = 384000
WASAPI: nBlockAlign = 8
WASAPI: wBitsPerSample = 32
WASAPI: cbSize = 22
WASAPI: mix_rate = 48000
WASAPI: fundamental_period_frames = 480
WASAPI: min_period_frames = 480
WASAPI: max_period_frames = 480
WASAPI: selected a period frame size of 480
WASAPI: detected 2 channels
WASAPI: audio buffer frames: 480 calculated latency: 10ms

TextServer: Primary interface set to: "ICU / HarfBuzz / Graphite (Built-in)".
CORE API HASH: 937899573
EDITOR API HASH: 1777164193
Loading resource: res://addons/gdUnit4/bin/GdUnitCmdTool.gd
                                                                                                                                                                                                                                                                                                                                                                                                    Loading resource: res://src/core/state/GameState.gd
Loading resource: res://src/core/managers/GameStateManager.gd
Loading resource: res://src/core/data/DataManager.gd
Loading resource: res://src/core/managers/DiceManager.gd
Loading resource: res://src/core/equipment/EquipmentManager.gd
Loading resource: res://src/core/managers/CampaignManager.gd
Loading resource: res://src/core/services/CampaignStateService.gd
Loading resource: res://src/ui/screens/SceneRouter.gd
Loading resource: res://src/core/campaign/CampaignPhaseManager.gd
Loading resource: res://src/autoload/BattlefieldCompanionManager.gd
Loading resource: res://src/ui/components/battle/InitiativeCalculator.tscn
Loading resource: res://src/ui/components/battle/InitiativeCalculator.gd
Loading resource: res://src/ui/components/battle/DeploymentConditionsPanel.tscn
Loading resource: res://src/ui/components/battle/DeploymentConditionsPanel.gd
Loading resource: res://src/ui/components/battle/EnemyGenerationWizard.tscn
Loading resource: res://src/ui/components/battle/EnemyGenerationWizard.gd
Loading resource: res://src/ui/components/battle/WeaponTableDisplay.tscn
Loading resource: res://src/ui/components/battle/WeaponTableDisplay.gd
Loading resource: res://src/ui/components/battle/ObjectiveDisplay.tscn
Loading resource: res://src/ui/components/battle/ObjectiveDisplay.gd
Loading resource: res://src/ui/components/battle/ReactionDicePanel.tscn
Loading resource: res://src/ui/components/battle/ReactionDicePanel.gd
Loading resource: res://src/ui/components/battle/MoralePanicTracker.tscn
Loading resource: res://src/ui/components/battle/MoralePanicTracker.gd
Loading resource: res://src/ui/components/battle/CombatSituationPanel.tscn
Loading resource: res://src/ui/components/battle/CombatSituationPanel.gd
Loading resource: res://src/ui/components/battle/BattleJournal.tscn
Loading resource: res://src/ui/components/battle/BattleJournal.gd
Loading resource: res://src/qol/CampaignJournal.gd
Loading resource: res://src/qol/LegacySystem.gd
Loading resource: res://src/qol/TurnPhaseChecklist.gd
Loading resource: res://src/qol/KeywordDB.gd
Loading resource: res://src/qol/NPCTracker.gd
Loading resource: res://src/core/events/CampaignTurnEventBus.gd
Loading resource: res://src/autoload/ResponsiveManager.gd
Loading resource: res://src/core/managers/AlphaGameManager.gd
AlphaGameManager: Initializing (Performance tracking enabled)...
Loading resource: res://src/ui/themes/ThemeManager.gd
Loading resource: res://src/autoload/SystemsAutoload.gd
Loaded system CA certificates
GameState: Initialized successfully
GameStateManager: Starting enhanced initialization...
GameStateManager: Dependencies validated successfully
GameStateManager: Campaign phase set to NONE
GameStateManager: Difficulty level set to STANDARD
GameStateManager: GlobalEnums connection validated
GameStateManager: CoreGameState connection validated
GameStateManager: All essential systems validated and operational
GameStateManager: No GameState available for registration
GameStateManager: Initializing state values...
GameStateManager: Deferring credits setting until initialization complete: 1000
WARNING: GameStateManager: Attempting to set supplies before initialization complete
   at: push_warning (core/variant/variant_utility.cpp:1034)
   GDScript backtrace (most recent call first):
       [0] set_supplies (res://src/core/managers/GameStateManager.gd:417)
       [1] _initialize_state_values (res://src/core/managers/GameStateManager.gd:228)
       [2] _ready (res://src/core/managers/GameStateManager.gd:86)
WARNING: GameStateManager: Attempting to set reputation before initialization complete
   at: push_warning (core/variant/variant_utility.cpp:1034)
   GDScript backtrace (most recent call first):
       [0] set_reputation (res://src/core/managers/GameStateManager.gd:443)
       [1] _initialize_state_values (res://src/core/managers/GameStateManager.gd:229)
       [2] _ready (res://src/core/managers/GameStateManager.gd:86)
WARNING: GameStateManager: Attempting to set story progress before initialization complete
   at: push_warning (core/variant/variant_utility.cpp:1034)
   GDScript backtrace (most recent call first):
       [0] set_story_progress (res://src/core/managers/GameStateManager.gd:478)
       [1] _initialize_state_values (res://src/core/managers/GameStateManager.gd:230)
       [2] _ready (res://src/core/managers/GameStateManager.gd:86)
GameStateManager: State values initialized - Credits: 1000, Supplies: 5, Reputation: 0
GameStateManager: Connected to GameState autoload
GameStateManager: State synchronized to game state instance
GameStateManager: Auto-save timer setup with interval: 300.000000 seconds
GameStateManager: Enhanced initialization complete
DataManager: Starting initialization...
DataManager: Fast initialization - Resource-based system...
DataManager: Loading JSON-based data...
DataManager: Created default character data structure
DataManager: Created default combat data structure
DataManager: Created default campaign data structure
DataManager: Loading JSON-based game databases...
DataManager: Successfully loaded character creation data with 3 entries
DataManager: Successfully loaded equipment database data with 4 entries
DataManager: Successfully loaded world traits data with 1 entries
DataManager: Successfully loaded gear database data with 6 entries
DataManager: Essential data loaded in 4 ms (target: <100ms)
DataManager: ✅ Initialization successful
DiceManager: ✅ DiceSystem loaded successfully
CampaignManager: ✅ DiceManager connected successfully
StoryTrackSystem: Loaded tutorial config with 6 entries
DataManager: Successfully loaded VictoryConditionTracker data with 7 entries
CampaignStateService: State validator initialized
CampaignStateService: Initialized successfully
SceneRouter: Initialized with 36 registered scenes
SceneRouter: All critical scenes validated successfully
CampaignPhaseManager: ✅ GameStateManager connected successfully
TravelPhase: Initialized successfully
WorldPhase: EnhancedCampaignSignals not found, using basic signals
WorldPhase: Initialized successfully with enhanced integration
BattlePhase: Initialized successfully
PostBattlePhase: Initialized successfully
CampaignPhaseManager: Connected to BattleResultsManager successfully
CampaignPhaseManager: Initialized with official Four-Phase structure
DataManager: Successfully loaded BattlefieldCompanionManager data with 1 entries
BattlefieldCompanionManager: Loaded companion configuration from JSON
BattlefieldCompanionManager: Debug mode enabled
WARNING: BattlefieldData: DiceManager not found, using fallback
   at: push_warning (core/variant/variant_utility.cpp:1034)
   GDScript backtrace (most recent call first):
       [0] _initialize_managers (res://src/core/battle/BattlefieldData.gd:48)
       [1] _init (res://src/core/battle/BattlefieldData.gd:38)
       [2] _initialize_core_systems (res://src/core/battle/BattlefieldCompanion.gd:83)
       [3] _ready (res://src/core/battle/BattlefieldCompanion.gd:52)
       [4] _setup_companion_systems (res://src/core/battle/BattleSystemIntegration.gd:63)
       [5] _ready (res://src/core/battle/BattleSystemIntegration.gd:37)
       [6] initialize_system (res://src/autoload/BattlefieldCompanionManager.gd:237)
       [7] _ready (res://src/autoload/BattlefieldCompanionManager.gd:49)
BattlefieldSetupAssistant: Battlefield data injected successfully
WARNING: BattleTracker: BattleEventsSystem unavailable, using simple events
   at: push_warning (core/variant/variant_utility.cpp:1034)
   GDScript backtrace (most recent call first):
       [0] _initialize_dependencies (res://src/core/battle/BattleTracker.gd:118)
       [1] _ready (res://src/core/battle/BattleTracker.gd:98)
       [2] _initialize_core_systems (res://src/core/battle/BattlefieldCompanion.gd:92)
       [3] _ready (res://src/core/battle/BattlefieldCompanion.gd:52)
       [4] _setup_companion_systems (res://src/core/battle/BattleSystemIntegration.gd:63)
       [5] _ready (res://src/core/battle/BattleSystemIntegration.gd:37)
       [6] initialize_system (res://src/autoload/BattlefieldCompanionManager.gd:237)
       [7] _ready (res://src/autoload/BattlefieldCompanionManager.gd:49)
BattlefieldCompanionManager: System initialized successfully
KeywordDB: Initialized 10 default keywords
KeywordDB: Loaded 0 bookmarks
KeywordDB: Initialized with 10 keywords, 0 bookmarks
CampaignTurnEventBus: Initialized - replacing signal hell with type-safe events
ResponsiveManager: Initialized
ThemeManager: Loaded saved theme settings
SystemsAutoload: Starting system initialization...
SystemsAutoload: Waiting for critical autoloads...
Loading resource: res://addons/gdUnit4/src/asserts/GdUnitBoolAssertImpl.gd
Loading resource: res://addons/gdUnit4/src/asserts/GdUnitStringAssertImpl.gd
Loading resource: res://addons/gdUnit4/src/asserts/GdUnitIntAssertImpl.gd
Loading resource: res://addons/gdUnit4/src/asserts/GdUnitFloatAssertImpl.gd
Loading resource: res://addons/gdUnit4/src/asserts/GdUnitVectorAssertImpl.gd
Loading resource: res://addons/gdUnit4/src/asserts/GdUnitArrayAssertImpl.gd
Loading resource: res://addons/gdUnit4/src/asserts/GdUnitDictionaryAssertImpl.gd
Loading resource: res://addons/gdUnit4/src/asserts/GdUnitFileAssertImpl.gd
Loading resource: res://addons/gdUnit4/src/asserts/GdUnitObjectAssertImpl.gd
Loading resource: res://addons/gdUnit4/src/asserts/GdUnitResultAssertImpl.gd
Loading resource: res://addons/gdUnit4/src/asserts/GdUnitFuncAssertImpl.gd
Loading resource: res://addons/gdUnit4/src/asserts/GdUnitSignalAssertImpl.gd
Loading resource: res://addons/gdUnit4/src/asserts/GdUnitFailureAssertImpl.gd
Loading resource: res://addons/gdUnit4/src/asserts/GdUnitGodotErrorAssertImpl.gd
[2J[HGameState: Connected to SaveManager successfully
GameStateManager: Registered manager: SaveManager
SaveManager: Registered with GameStateManager
TravelPhase: ✅ DiceManager found on attempt 1
TravelPhase: ✅ GameStateManager found on attempt 1
BattlePhase: ✅ DiceManager found on attempt 1
BattlePhase: ✅ GameStateManager found on attempt 1
BattlefieldCompanionManager: StoryTrackSystem not available for guided mode
AlphaGameManager: Starting optimized system initialization...
AlphaGameManager: Initializing GameStateManager...
GameStateManager: Game state already exists, skipping initialization
GameStateManager: Game state initialized via public API
AlphaGameManager: GameStateManager loaded in 0 ms
AlphaGameManager: Initializing CampaignCreationManager...
Loading resource: res://src/core/campaign/CampaignCreationManager.gd
CampaignCreationManager: Dependencies loading complete
CampaignCreationManager: Initializing...
CampaignCreationManager: Creation reset
CampaignCreationManager: Setup complete with game state
AlphaGameManager: CampaignCreationManager setup completed with dependencies
AlphaGameManager: CampaignCreationManager loaded in 48 ms
AlphaGameManager: Initializing CampaignPhaseManager...
CampaignPhaseManager: ✅ GameStateManager connected successfully
TravelPhase: Initialized successfully
WorldPhase: EnhancedCampaignSignals not found, using basic signals
WorldPhase: Initialized successfully with enhanced integration
BattlePhase: Initialized successfully
PostBattlePhase: Initialized successfully
CampaignPhaseManager: Connected to BattleResultsManager successfully
CampaignPhaseManager: Initialized with official Four-Phase structure
AlphaGameManager: CampaignPhaseManager loaded in 0 ms
AlphaGameManager: Initializing BattleResultsManager...
PostBattlePhase: Initialized successfully
AlphaGameManager: BattleResultsManager loaded in 0 ms
AlphaGameManager: Initializing DiceManager...
AlphaGameManager: DiceManager loaded in 1 ms
AlphaGameManager: Initialization complete - 5/5 systems ready in 933 ms
AlphaGameManager: Performance breakdown:
  - GameStateManager: 0 ms
  - CampaignCreationManager: 48 ms
  - CampaignPhaseManager: 0 ms
  - BattleResultsManager: 0 ms
  - DiceManager: 1 ms
AlphaGameManager: All systems ready! Total startup time: 933 ms
TravelPhase: ✅ DiceManager found on attempt 1
TravelPhase: ✅ GameStateManager found on attempt 1
BattlePhase: ✅ DiceManager found on attempt 1
BattlePhase: ✅ GameStateManager found on attempt 1
SystemsAutoload: DataManager already loaded, proceeding immediately
SystemsAutoload: Critical autoload 'GlobalEnums' verified
SystemsAutoload: Critical autoload 'GameStateManager' verified
SystemsAutoload: Critical autoload 'SceneRouter' verified
DataManager: Successfully loaded patron_types data with 1 entries
PatronSystem: Loaded 8 patron types from DataManager
DataManager: Successfully loaded mission_types data with 4 entries
PatronSystem: Loaded mission types from DataManager
DataManager: Successfully loaded expanded_connections data with 1 entries
PatronSystem: Loaded connections data from DataManager
EconomySystem: Initializing with verified dependencies...
EconomySystem: Successfully initialized
PatronSystem: Connections data file not found, using defaults
PatronSystem: Successfully initialized
FactionSystem: Successfully initialized
SystemsAutoload: All systems initialized successfully
[38;2;233;150;122m
--------------------------------------------------------------------------------------------------
GdUnit4 Comandline Tool
--------------------------------------------------------------------------------------------------[0m
Loading resource: res://tests/integration/phase2_backend/test_battle_phase_integration.gd
[38;2;100;149;237mInstalling GdUnit4 session system hooks.[0m
[38;2;100;149;237mSession hook 'GdUnitHtmlTestReporter' installed.[0m
[38;2;100;149;237mSession hook 'GdUnitXMLTestReporter' installed.[0m
Register singleton 'GdUnitTestSessionHookService:<Object#225133463367>'
[38;2;100;149;237mSession hook 'GdUnitHtmlTestReporter' > startup()[0m
[38;2;100;149;237mSession hook 'GdUnitXMLTestReporter' > startup()[0m
Register singleton 'GdUnitThreadManager:<Object#242598545347>'
[38;2;0;206;209mRun Test Suite: [0m[38;2;250;235;215mres://tests/integration/phase2_backend/test_battle_phase_integration.gd[0m
  [38;2;250;235;215mres://tests/integration/phase2_backend/test_battle_phase_integration.gd[0m[38;2;250;235;215m > [0m[38;2;250;235;215mtest_battle_phase_starts_correctly[0m[38;2;34;139;34m STARTED[0m[38;2;250;235;215m[0m
BattlePhase: Initialized successfully
BattlePhase: ✅ DiceManager found on attempt 1
BattlePhase: ✅ GameStateManager found on attempt 1
BattlePhase: Starting Battle Phase
BattlePhase: Battle setup completed - Mission: 6, Enemies: 3
BattlePhase: Deployment completed - Crew: 4, Enemies: 3
BattlePhase: Initiative roll: 6 - Crew goes first
  [38;2;250;235;215mres://tests/integration/phase2_backend/test_battle_phase_integration.gd[0m[38;2;250;235;215m > [0m[38;2;250;235;215mtest_battle_phase_starts_correctly[0m[38;2;34;139;34m PASSED[0m[38;2;100;149;237m 124ms[0m
[38;2;250;235;215m[0m
  [38;2;250;235;215mres://tests/integration/phase2_backend/test_battle_phase_integration.gd[0m[38;2;250;235;215m > [0m[38;2;250;235;215mtest_battle_setup_generates_enemies[0m[38;2;34;139;34m STARTED[0m[38;2;250;235;215m[0m
BattlePhase: Initialized successfully
BattlePhase: ✅ DiceManager found on attempt 1
BattlePhase: ✅ GameStateManager found on attempt 1
BattlePhase: Starting Battle Phase
BattlePhase: Battle setup completed - Mission: 6, Enemies: 1
BattlePhase: Deployment completed - Crew: 4, Enemies: 1
BattlePhase: Initiative roll: 4 - Crew goes first
BattlePhase: Beginning combat rounds (max 8 rounds)
BattlePhase: Battle concluded - Victory: true, Enemies defeated: 1
BattlePhase: Battle Phase completed
  [38;2;250;235;215mres://tests/integration/phase2_backend/test_battle_phase_integration.gd[0m[38;2;250;235;215m > [0m[38;2;250;235;215mtest_battle_setup_generates_enemies[0m[38;2;34;139;34m PASSED[0m[38;2;100;149;237m 118ms[0m
[38;2;250;235;215m[0m
  [38;2;250;235;215mres://tests/integration/phase2_backend/test_battle_phase_integration.gd[0m[38;2;250;235;215m > [0m[38;2;250;235;215mtest_deployment_positions_crew_and_enemies[0m[38;2;34;139;34m STARTED[0m[38;2;250;235;215m[0m
BattlePhase: Initialized successfully
BattlePhase: ✅ DiceManager found on attempt 1
BattlePhase: ✅ GameStateManager found on attempt 1
BattlePhase: Starting Battle Phase
BattlePhase: Battle setup completed - Mission: 6, Enemies: 2
BattlePhase: Deployment completed - Crew: 4, Enemies: 2
BattlePhase: Initiative roll: 4 - Crew goes first
BattlePhase: Beginning combat rounds (max 8 rounds)
BattlePhase: Battle concluded - Victory: true, Enemies defeated: 2
BattlePhase: Battle Phase completed
SystemsAutoload: Shutting down and cleaning up all systems...
SystemsAutoload: All systems cleaned up
SystemsAutoload: Shutdown complete
AlphaGameManager: Shutting down...
AlphaGameManager: Signal disconnection completed
AlphaGameManager: Cleanup completed
CampaignManager: Shutting down and cleaning up...
CampaignManager: Cleanup completed
SaveManager: Shutting down and cleaning up...
GameStateManager: Unregistered manager: SaveManager
SaveManager: Unregistered from GameStateManager
SaveManager: Cleanup completed
GameState: Shutting down and cleaning up...
GameState: Cleanup completed
Finallize .. done
Finallize ..
-Orphan nodes report-----------------------
173811959507 - Stray Node:  (Type: Node) (Source:res://src/core/state/GameState.gd)
174415939316 - Stray Node:  (Type: Node) (Source:res://src/core/campaign/VictoryConditionTracker.gd)
Finallize .. done
XR: Clearing primary interface
XR: Removed interface "Native mobile"
XR: Removed interface "OpenXR"

================================================================
CrashHandlerException: Program crashed with signal 11
Engine version: Godot Engine v4.5.1.stable.official (f62fdbde15035c5576dad93e586201f4d41ef0cb)
Dumping the backtrace. 
[1] error(-1): no debug info in PE/COFF executable
[2] error(-1): no debug info in PE/COFF executable
[3] error(-1): no debug info in PE/COFF executable
[4] error(-1): no debug info in PE/COFF executable
[5] error(-1): no debug info in PE/COFF executable
[6] error(-1): no debug info in PE/COFF executable
[7] error(-1): no debug info in PE/COFF executable
[8] error(-1): no debug info in PE/COFF executable
[9] error(-1): no debug info in PE/COFF executable
[10] error(-1): no debug info in PE/COFF executable
[11] error(-1): no debug info in PE/COFF executable
[12] error(-1): no debug info in PE/COFF executable
[13] error(-1): no debug info in PE/COFF executable
[14] error(-1): no debug info in PE/COFF executable
[15] error(-1): no debug info in PE/COFF executable
[16] error(-1): no debug info in PE/COFF executable
[17] error(-1): no debug info in PE/COFF executable
[18] error(-1): no debug info in PE/COFF executable
[19] error(-1): no debug info in PE/COFF executable
-- END OF C++ BACKTRACE --
================================================================
